Information: Updating design information... (UID-85)
 
****************************************
Report : timing
        -path full
        -delay max
        -max_paths 1
Design : Adder
Version: B-2008.09
Date   : Thu May 25 16:51:41 2017
****************************************

Operating Conditions: typical   Library: NangateOpenCellLibrary_PDKv1_2_v2008_10_modified_by_WangChen
Wire Load Model Mode: top

  Startpoint: Y[4] (input port clocked by clock)
  Endpoint: Sum_reg[8] (rising edge-triggered flip-flop clocked by clock)
  Path Group: clock
  Path Type: max

  Point                                    Incr       Path
  -----------------------------------------------------------
  clock clock (rise edge)                0.0000     0.0000
  clock network delay (ideal)            0.0000     0.0000
  input external delay                   0.6580     0.6580 r
  Y[4] (in)                              0.0209     0.6789 r
  a4/B (full_adder_0)                    0.0000     0.6789 r
  a4/U4/Z (XOR2_X1)                      0.2000     0.8789 f
  a4/U3/ZN (AOI22_X1)                    0.2000     1.0789 r
  a4/U1/ZN (INV_X2)                      0.0500     1.1289 f
  a4/Cout (full_adder_0)                 0.0000     1.1289 f
  a5/Cin (full_adder_3)                  0.0000     1.1289 f
  a5/U3/ZN (AOI22_X1)                    0.2000     1.3289 r
  a5/U1/ZN (INV_X2)                      0.0500     1.3789 f
  a5/Cout (full_adder_3)                 0.0000     1.3789 f
  a6/Cin (full_adder_2)                  0.0000     1.3789 f
  a6/U3/ZN (AOI22_X1)                    0.2000     1.5789 r
  a6/U1/ZN (INV_X2)                      0.0500     1.6289 f
  a6/Cout (full_adder_2)                 0.0000     1.6289 f
  a7/Cin (full_adder_1)                  0.0000     1.6289 f
  a7/U3/ZN (AOI22_X1)                    0.2000     1.8289 r
  a7/U1/ZN (INV_X2)                      0.0500     1.8789 f
  a7/Cout (full_adder_1)                 0.0000     1.8789 f
  Sum_reg[8]/D (DFF_X2)                  0.0000     1.8789 f
  data arrival time                                 1.8789

  clock clock (rise edge)               10.0000    10.0000
  clock network delay (ideal)            0.0000    10.0000
  clock uncertainty                     -0.0500     9.9500
  Sum_reg[8]/CK (DFF_X2)                 0.0000     9.9500 r
  library setup time                    -0.0604     9.8896
  data required time                                9.8896
  -----------------------------------------------------------
  data required time                                9.8896
  data arrival time                                -1.8789
  -----------------------------------------------------------
  slack (MET)                                       8.0107


1
