Information: Propagating switching activity (medium effort zero delay simulation). (PWR-6)
Warning: The derived static probability value (0.500000) for the clock net 'clock' conflicts with the annotated value (0.466667). Using the annotated value. (PWR-12)
 
****************************************
Report : power
        -analysis_effort medium
Design : Adder
Version: B-2008.09
Date   : Thu May 25 17:11:17 2017
****************************************


Library(s) Used:

    NangateOpenCellLibrary_PDKv1_2_v2008_10 (File: /home/pxs/synopsys/NANgate_library/NangateOpenCellLibrary_PDKv1_2_v2008_10_typical_conditional_nldm.db)


Operating Conditions: typical   Library: NangateOpenCellLibrary_PDKv1_2_v2008_10
Wire Load Model Mode: top


Global Operating Voltage = 1.1  
Power-specific unit information :
    Voltage Units = 1V
    Capacitance Units = 1.000000pf
    Time Units = 1ns
    Dynamic Power Units = 1mW    (derived from V,C,T units)
    Leakage Power Units = 1pW


  Cell Internal Power  =   9.7394 uW   (64%)
  Net Switching Power  =   5.5962 uW   (36%)
                         ---------
Total Dynamic Power    =  15.3357 uW  (100%)

Cell Leakage Power     = 454.5416 nW

1
