Information: Updating design information... (UID-85)
Information: Propagating switching activity (medium effort zero delay simulation). (PWR-6)
Warning: Design has unannotated primary inputs. (PWR-414)
Warning: Design has unannotated sequential cell outputs. (PWR-415)
 
****************************************
Report : power
        -analysis_effort medium
Design : Adder
Version: B-2008.09
Date   : Fri May 26 17:03:33 2017
****************************************


Library(s) Used:

    NangateOpenCellLibrary_PDKv1_2_v2008_10 (File: /home/pxs/synopsys/NANgate_library/NangateOpenCellLibrary_PDKv1_2_v2008_10_typical_conditional_nldm.db)


Operating Conditions: typical   Library: NangateOpenCellLibrary_PDKv1_2_v2008_10
Wire Load Model Mode: top


Global Operating Voltage = 1.1  
Power-specific unit information :
    Voltage Units = 1V
    Capacitance Units = 1.000000pf
    Time Units = 1ns
    Dynamic Power Units = 1mW    (derived from V,C,T units)
    Leakage Power Units = 1pW


  Cell Internal Power  =   5.1305 uW   (63%)
  Net Switching Power  =   3.0011 uW   (37%)
                         ---------
Total Dynamic Power    =   8.1316 uW  (100%)

Cell Leakage Power     = 498.8177 nW

1
